
student@student-OptiPlex-3050:~$ sudo mysql -u root -p
Enter password: 
Welcome to the MariaDB monitor.  Commands end with ; or \g.
Your MariaDB connection id is 34
Server version: 10.0.38-MariaDB-0ubuntu0.16.04.1 Ubuntu 16.04

Copyright (c) 2000, 2018, Oracle, MariaDB Corporation Ab and others.

Type 'help;' or '\h' for help. Type '\c' to clear the current input statement.
MariaDB [(none)]> create user 'saru'@localhost identified by 'password';
Query OK, 0 rows affected (0.00 sec)
MariaDB [(none)]> grant all privileges on *.* to 'saru'@'localhost' identified by 'password';
Query OK, 0 rows affected (0.00 sec)

MariaDB [(none)]> revoke insert on *.* from 'saru'@'localhost';
Query OK, 0 rows affected (0.00 sec)

MariaDB [(none)]> show grants for 'saru'@localhost;
+---------------------------------------------------------------------------------------------------------------------------------------------------------------------------------------------------------------------------------------------------------------------------------------------------------------------------------------------------------------------------------------------------------------------------+
| Grants for saru@localhost                                                                                                                                                                                                                                                                                                                                                                                                 |
+---------------------------------------------------------------------------------------------------------------------------------------------------------------------------------------------------------------------------------------------------------------------------------------------------------------------------------------------------------------------------------------------------------------------------+
| GRANT SELECT, UPDATE, DELETE, CREATE, DROP, RELOAD, SHUTDOWN, PROCESS, FILE, REFERENCES, INDEX, ALTER, SHOW DATABASES, SUPER, CREATE TEMPORARY TABLES, LOCK TABLES, EXECUTE, REPLICATION SLAVE, REPLICATION CLIENT, CREATE VIEW, SHOW VIEW, CREATE ROUTINE, ALTER ROUTINE, CREATE USER, EVENT, TRIGGER, CREATE TABLESPACE ON *.* TO 'saru'@'localhost' IDENTIFIED BY PASSWORD '*2470C0C06DEE42FD1618BB99005ADCA2EC9D1E19' |
+---------------------------------------------------------------------------------------------------------------------------------------------------------------------------------------------------------------------------------------------------------------------------------------------------------------------------------------------------------------------------------------------------------------------------+
1 row in set (0.00 sec)

MariaDB [(none)]> 





..........................checking...........................





student@student-OptiPlex-3050:~$ sudo mysql -u saru -p
Enter password: 
Welcome to the MariaDB monitor.  Commands end with ; or \g.
Your MariaDB connection id is 35
Server version: 10.0.38-MariaDB-0ubuntu0.16.04.1 Ubuntu 16.04

Copyright (c) 2000, 2018, Oracle, MariaDB Corporation Ab and others.

Type 'help;' or '\h' for help. Type '\c' to clear the current input statement.
MariaDB [(none)]> show databases;
+--------------------+
| Database           |
+--------------------+
| company            |
| db1                |
| information_schema |
| mysql              |
| performance_schema |
+--------------------+
5 rows in set (0.03 sec)

MariaDB [(none)]> create database sample;
Query OK, 1 row affected (0.00 sec)

MariaDB [(none)]> use database sample;
ERROR 1049 (42000): Unknown database 'database'
MariaDB [(none)]> use sample;
Database changed
MariaDB [sample]> create table trail(id int,name varchar(10));
Query OK, 0 rows affected (0.43 sec)

MariaDB [sample]> insert into trail values(1,'saru');
ERROR 1142 (42000): INSERT command denied to user 'saru'@'localhost' for table 'trail'
MariaDB [sample]> 






